// Jest Snapshot v1, https://goo.gl/fbAQLP

exports[`CFormGroup Component Tests Snapshot Testing if matches snapshot 1`] = `
<FormGroup
  id="group_test"
/>
`;
