// Jest Snapshot v1, https://goo.gl/fbAQLP

exports[`CRow Component Tests Snapshot Testing should match snapshot 1`] = `
<ForwardRef
  id="row_test"
  noGutters={false}
/>
`;
