// Jest Snapshot v1, https://goo.gl/fbAQLP

exports[`CFRow Component Tests Snapshot Testing should match snapshot 1`] = `
<FormRow
  id="fRow_test"
/>
`;
