// Jest Snapshot v1, https://goo.gl/fbAQLP

exports[`CForm Component Tests Snapshot Testing if matches snapshot 1`] = `
<Form
  id="form_test"
  inline={false}
  onSubmit={[MockFunction]}
/>
`;
